impl TypeDef {
  pub fn equals(self, other: TypeDef) -> bool {
    self.span == other.span && self.name == other.name &&
    self.type_parameters.equals(other.type_parameters) &&
    self.kind.equals(other.kind)
  }
}

impl TypeParameter {
  pub fn equals(self, other: TypeParameter) -> bool {
    self.span == other.span && self.name == other.name
  }
}

impl TypeKind {
  pub fn equals(self, other: TypeKind) -> bool {
    match (self, other) {
      (TypeKind.Struct(a), TypeKind.Struct(b)) => a.equals(b),
      (TypeKind.Enum(a), TypeKind.Enum(b)) => a.equals(b),
      _ => false,
    }
  }
}

impl Field {
  pub fn equals(self, other: Field) -> bool {
    self.span == other.span && self.name == other.name &&
    self.typ.equals(other.typ)
  }
}

impl Variant {
  pub fn equals(self, other: Variant) -> bool {
    self.span == other.span && self.name == other.name &&
    self.fields.equals(other.fields)
  }
}

impl Type {
  pub fn equals(self, other: Type) -> bool {
    match (self, other) {
      (Any, Any) => true,
      (Never, Never) => true,
      (Bool, Bool) => true,
      (Nat, Nat) => true,
      (Int, Int) => true,
      (Float, Float) => true,
      (String, String) => true,
      (Array(a), Array(b)) | (Pointer(a), Pointer(b)) => a.equals(b.*),
      (Slice(a), Slice(b)) => a.equals(b.*),
      (Tuple(a), Tuple(b)) => a.equals(b),
      (Fn(a, b), Fn(c, d)) => a.equals(c) && b.equals(d.*),
      (Adt(a, b), Adt(c, d)) => a == c && b.equals(d),
      (Var(a), Var(b)) => a == b,
      (Any, _) |
      (Never, _) |
      (Bool, _) |
      (Nat, _) |
      (Int, _) |
      (Float, _) |
      (String, _) |
      (Array(_), _) |
      (Slice(_), _) |
      (Pointer(_), _) |
      (Tuple(_), _) |
      (Fn(_, _), _) |
      (Adt(_, _), _) |
      (Var(_), _) => false,
    }
  }
}

impl ParamType {
  pub fn equals(self, other: ParamType) -> bool {
    self.mode == other.mode && self.typ.equals(other.typ)
  }
}

impl Parameter {
  pub fn equals(self, other: Parameter) -> bool {
    self.span == other.span && self.mode == other.mode &&
    self.name == other.name &&
    self.typ.equals(other.typ)
  }
}

impl<T: Equals<T>> FunctionDef<T> {
  pub fn equals(self, other: FunctionDef<T>) -> bool {
    self.span == other.span && self.name == other.name &&
    self.type_parameters.equals(other.type_parameters) &&
    self.parameters.equals(other.parameters) &&
    self.return_type.equals(other.return_type) &&
    self.body.equals(other.body)
  }
}

pub interface Equals<T> {
  fn equals(self, other: T) -> bool
}
