import "go:fmt"
import "go:os"
import "go:strings"

import "span"

pub type Span = span.Span

pub interface Diagnostic {
  // impl error
  fn code(self) -> int // eg E0132
  fn span(self) -> Span
  fn message(self) -> string

  // fn labels() -> Slice<Label>    // Secondary highlights (e.g., pointing to the live borrow)
  // fn help() -> Option<string>    // Hints (e.g., "Consider upgrading the mode to mut!")
}

pub fn location(self: Diagnostic, source: Slice<rune>) -> span.Location {
  let mut line: uint32 = 0
  let mut col: uint32 = 0
  for i in 0..source.length() {
    if source[i] == '\n' {
      line += 1
      col = 0
    } else {
      col += 1
    }
    if i == self.span().start as int { return span.Location { line, col } }
  }
  span.Location { line, col }
}

pub fn report(errs: Slice<Diagnostic>, source: string) {
  let source = source as Slice<rune>
  for e in errs {
    fmt.Fprintln(os.Stderr, render(e, source))
  }
}

pub fn render(self: Diagnostic, source: Slice<rune>) -> string {
  let loc = location(self, source)
  let mut start = self.span().start as int
  while start > 0 {
    if source[start - 1] == '\n' { break }
    start -= 1
  }
  let mut end = self.span().end as int
  while end < source.length() {
    if source[end] == '\n' { break }
    end += 1
  }
  let line = source[start..end] as string

  let mut highlight = []
  for _ in 1..loc.col as int {
    highlight = highlight.append(' ')
  }
  for _ in self.span().start as int..self.span().end as int {
    highlight = highlight.append('^')
  }
  let line_no = f"{loc.line}"
  let gutter = strings.Repeat(" ", line_no.length())

  f"\nE{self.code()}: {self.message()}\n{line_no} │ {line}\n{gutter} · {highlight as string}\n"
}

pub interface SyntaxError {
  embed Diagnostic
}

pub struct ParseError {
  _s_: Span,
  pub msg: string,
}

impl ParseError {
  pub fn new(span: Span, msg: string) -> ParseError {
    ParseError { _s_: span, msg }
  }

  pub fn message(self) -> string {
    self.msg
  }

  pub fn code(self) -> int {
    1000
  }

  pub fn span(self) -> Span {
    self._s_
  }
}

pub interface ResolveError {
  embed Diagnostic
}

pub interface TypeError {
  embed Diagnostic
}

pub struct DuplicateNameError {
  pub name: string,
  pub span1: Span,
  pub span2: Span,
}

impl DuplicateNameError {
  pub fn new(name: string, span1: Span, span2: Span) -> DuplicateNameError {
    DuplicateNameError { name, span1, span2 }
  }

  pub fn code(self) -> int {
    2001
  }

  pub fn message(self) -> string {
    f"{self.name} is defined twice: {self.span1} and {self.span2}"
  }

  pub fn span(self) -> Span {
    self.span1
  }
}

pub struct MissingNameError {
  pub name: string,
  pub _s_: Span,
}

impl MissingNameError {
  pub fn new(name: string, span: Span) -> MissingNameError {
    MissingNameError { name, _s_: span }
  }

  pub fn code(self) -> int {
    2002
  }

  pub fn message(self) -> string {
    f"\"{self.name}\" is not defined"
  }

  pub fn span(self) -> Span {
    self._s_
  }
}

pub struct UnusedValueError {
  pub _s_: Span
}

impl UnusedValueError {
  pub fn new(span: Span) -> UnusedValueError {
    UnusedValueError { _s_: span }
  }

  pub fn code(self) -> int {
    2008
  }

  pub fn message(self) -> string {
    "Value is not used.  Assign to `_` to discard."
  }

  pub fn span(self) -> Span {
    self._s_
  }
}

pub struct InvalidAssignmentTargetError<Node> {
  pub _s_: Span,
  pub node: Node,
}

impl<Node> InvalidAssignmentTargetError<Node> {
  pub fn new(span: Span, node: Node) -> InvalidAssignmentTargetError<Node> {
    InvalidAssignmentTargetError { _s_: span, node }
  }

  pub fn code(self) -> int {
    2004
  }

  pub fn message(self) -> string {
    f"invalid assignment target: {self.node}"
  }

  pub fn span(self) -> Span {
    self._s_
  }
}

pub struct InvalidPatternError<Node> {
  pub _s_: Span,
  pub node: Node,
}

impl<Node> InvalidPatternError<Node> {
  pub fn new(span: Span, node: Node) -> InvalidPatternError<Node> {
    InvalidPatternError { _s_: span, node }
  }

  pub fn code(self) -> int {
    2004
  }

  pub fn message(self) -> string {
    f"invalid pattern or invalid assignment target: `{self.node}`"
  }

  pub fn span(self) -> Span {
    self._s_
  }
}

pub struct TypeParameterArityError {
  pub _s_: Span,
  pub name: string,
  pub expected: int,
  pub actual: int,
}

impl TypeParameterArityError {
  pub fn new(span: Span, name: string, expected: int, actual: int) -> TypeParameterArityError {
    TypeParameterArityError { _s_: span, name, expected, actual }
  }

  pub fn code(self) -> int {
    2003
  }

  pub fn message(self) -> string {
    f"\"{self.name}\" expects {self.expected} type arguments but {self.actual} were provided"
  }

  pub fn span(self) -> Span {
    self._s_
  }
}

pub struct NoMatchError {
  pub _s_: Span,
  pub errs: Slice<(string, TypeError)>,
}

impl NoMatchError {
  pub fn new(span: Span, errs: Slice<(string, TypeError)>) -> NoMatchError {
    NoMatchError { _s_: span, errs }
  }

  pub fn code(self) -> int {
    2102
  }

  pub fn message(self) -> string {
    let errs = self.errs.map(|fun| f"{fun.0}: {fun.1.message()}").join("\n\t")
    f"No matching overloads found.  Errors:\n\t{errs}"
  }

  pub fn span(self) -> Span {
    self._s_
  }
}

pub struct AmbiguousFunctionCallError {
  pub _s_: Span,
  pub calls: Slice<string>,
}

impl AmbiguousFunctionCallError {
  pub fn new(span: Span, calls: Slice<string>) -> AmbiguousFunctionCallError {
    AmbiguousFunctionCallError { _s_: span, calls }
  }

  pub fn code(self) -> int {
    2103
  }

  fn span(self) -> Span {
    self._s_
  }

  fn message(self) -> string {
    let alts = self.calls.join("\n")
    f"Cannot determine single best overload from alternatives: {alts}"
  }
}

pub struct ArgArityError {
  pub _s_: Span,
  pub name: string,
  pub expected: int,
  pub actual: int,
}

impl ArgArityError {
  pub fn new(span: Span, name: string, expected: int, actual: int) -> ArgArityError {
    ArgArityError { _s_: span, name, expected, actual }
  }

  pub fn code(self) -> int {
    2007
  }

  pub fn message(self) -> string {
    f"\"{self.name}\" expects {self.expected} arguments but {self.actual} were provided"
  }

  pub fn span(self) -> Span {
    self._s_
  }
}

pub struct EmptyArrayLiteralError {
  pub _s_: Span,
}

impl EmptyArrayLiteralError {
  pub fn new(span: Span) -> EmptyArrayLiteralError {
    EmptyArrayLiteralError { _s_: span }
  }

  pub fn code(self) -> int {
    2005
  }

  pub fn message(self) -> string {
    "Cannot infer type of empty array literal.  Use `Array[Type].new` to create an empty array of a specific type."
  }

  pub fn span(self) -> Span {
    self._s_
  }
}

pub struct HeterogeneousArrayLiteralError {
  pub _s_: Span,
  pub types: string,
}

impl HeterogeneousArrayLiteralError {
  pub fn new(span: Span, types: string) -> HeterogeneousArrayLiteralError {
    HeterogeneousArrayLiteralError { _s_: span, types }
  }

  pub fn code(self) -> int {
    2006
  }

  pub fn message(self) -> string {
    f"Array literals must have all elements of the same type.  Found: {self.types}."
  }

  pub fn span(self) -> Span {
    self._s_
  }
}

pub struct TypeMismatchError {
  pub src_span: Span,
  pub expected: string,
  pub actual: string,
  pub actual_span: Span,
}

impl TypeMismatchError {
  pub fn new(src_span: Span, expected: string, actual: string, actual_span: Span) -> TypeMismatchError {
    TypeMismatchError { src_span, expected, actual, actual_span }
  }

  pub fn code(self) -> int {
    2010
  }

  pub fn message(self) -> string {
    f"Expected {self.expected} but got {self.actual}."
  }

  pub fn span(self) -> Span {
    self.actual_span
  }
}

pub struct DoubleTypeArgBoundError {
  pub _s_: Span,
  pub type_param: int,
  pub type1: string,
  pub type2: string,
}

impl DoubleTypeArgBoundError {
  pub fn new(span: Span, type_param: int, type1: string, type2: string) -> DoubleTypeArgBoundError {
    DoubleTypeArgBoundError { _s_: span, type_param, type1, type2 }
  }

  pub fn code(self) -> int {
    2100
  }

  pub fn message(self) -> string {
    f"Type parameter {self.type_param} bound to more than one type: {self.type1} and {self.type2}"
  }

  pub fn span(self) -> Span {
    self._s_
  }
}

pub struct UnboundTypeParamError {
  pub _s_: Span,
  pub type_param: string,
}

impl UnboundTypeParamError {
  pub fn new(span: Span, type_param: string) -> UnboundTypeParamError {
    UnboundTypeParamError { _s_: span, type_param }
  }

  pub fn code(self) -> int {
    2101
  }

  pub fn message(self) -> string {
    f"Type parameter {self.type_param} could not be inferred from call."
  }

  pub fn span(self) -> Span {
    self._s_
  }
}

pub interface ModeError {
  embed Diagnostic
}

pub struct UseAfterConsumeError {
  pub name: string,
  pub use: Span,
  pub consumed: Span,
}

impl UseAfterConsumeError {
  pub fn new(name: string, use: Span, consumed: Span) -> UseAfterConsumeError {
    UseAfterConsumeError { name, use, consumed }
  }

  pub fn code(self) -> int {
    3012
  }

  pub fn message(self) -> string {
    f"Cannot use variable '{self.name}'; it has already been consumed at {self.consumed}."
  }

  pub fn span(self) -> Span {
    self.use
  }
}

pub struct ConsumeBorrowError {
  pub borrow: string,
  pub _s_: Span,
}

impl ConsumeBorrowError {
  pub fn new(borrow: string, _s_: Span) -> ConsumeBorrowError {
    ConsumeBorrowError { borrow, _s_ }
  }

  pub fn code(self) -> int {
    3011
  }

  pub fn message(self) -> string {
    f"Cannot consume borrow '{self.borrow}';"
  }

  pub fn span(self) -> Span {
    self._s_
  }
}

pub struct ModeMismatchError {
  pub _s_: Span,
  pub expected: string,
  pub actual: string,
}

impl ModeMismatchError {
  pub fn new(span: Span, expected: string, actual: string) -> ModeMismatchError {
    ModeMismatchError { _s_: span, expected, actual }
  }

  pub fn code(self) -> int {
    3013
  }

  pub fn message(self) -> string {
    f"Expected mode {self.expected} but got {self.actual}."
  }

  pub fn span(self) -> Span {
    self._s_
  }
}

pub interface SpecializationError {
  embed Diagnostic
}

pub struct NoMainFunctionError {}

impl NoMainFunctionError {
  pub fn new() -> NoMainFunctionError {
    NoMainFunctionError {}
  }

  pub fn code(self) -> int {
    4001
  }

  pub fn message(self) -> string {
    "No main function found."
  }

  pub fn span(self) -> Span {
    span.new(0, 0)
  }
}

pub struct MultipleMainFunctionsError { spans: Slice<Span> }

impl MultipleMainFunctionsError {
  pub fn new(spans: Slice<Span>) -> MultipleMainFunctionsError {
    MultipleMainFunctionsError { spans }
  }

  pub fn code(self) -> int {
    4002
  }

  pub fn message(self) -> string {
    f"Multiple main function found: {self.spans}"
  }

  pub fn span(self) -> Span {
    self.spans[0]
  }
}

pub struct OverloadCanonicalConstructorError { _s_: Span, name: string }

impl OverloadCanonicalConstructorError {
  pub fn new(span: Span, name: string) -> OverloadCanonicalConstructorError {
    OverloadCanonicalConstructorError { _s_: span, name }
  }

  pub fn code(self) -> int {
    2202
  }

  pub fn message(self) -> string {
    f"'{self.name}' is a type, and its canonical constructor cannot be overloaded."
  }

  pub fn span(self) -> Span {
    self._s_
  }
}
