import "ast"
import "cst"
import dx "diagnostics"
import "ty"
import "utils/slice"

pub fn resolve(items: cst.Declarations) -> ast.Registry {
  let env = &ast.Registry.new()

  // populate type_defs and function_defs
  register_items(env, items)

  // evaluate fields, variants, and canonical constructors
  elaborate_types(env, items.types)

  // perform name resolution and desugaring
  resolve_functions(env, items.functions)
  env.*
}

pub fn register_items(self: Ref<ast.Registry>, items: cst.Declarations) {
  register_types(self, items.types)
  self.function_defs = items.functions.map(|f| eval_function(self, f))
}

pub fn register_types(self: Ref<ast.Registry>, type_defs: Slice<cst.TypeDecl>) {
  for t in type_defs {
    match self.type_defs.get(t.name) {
      Some(def) => self.error(dx.DuplicateNameError.new(
        t.name,
        t.span,
        def.span,
      )),
      None => {
        let type_params = t.type_parameters.map(|param| {
          ty.TypeParameter.new(param.span, param.name)
        })
        self.type_defs[t.name] = &ty.TypeDef.new(
          t.span,
          t.name,
          type_params,
          ty.nil(),
        )
      },
    }
  }
}

pub fn elaborate_types(self: Ref<ast.Registry>, types: Slice<cst.TypeDecl>) {
  for decl in types {
    let Some(def) = self.type_defs.get(decl.name) else {
      panic(f"type not found: {decl.name}")
    }
    let ctx = TypeContext.new(self, def.type_parameters)
    match ctx.eval_type(decl.body) {
      Ok(typ) => def.ctor.typ = typ,
      Err(e) => self.error(e),
    }
  }
}

pub fn register_functions(
  self: Ref<ast.Registry>,
  functions: Slice<cst.FunctionDecl>,
) {
  self.function_defs = functions.map(|f| eval_function(self, f))
}

pub fn eval_function(self: Ref<ast.Registry>, func: cst.FunctionDecl) -> Ref<ast.FunctionDef> {
  match try_eval_function(self, func) {
    Ok(func) => {
      if let Some(def) = self.type_defs.get(func.name) {
        self.error(dx.OverloadCanonicalConstructorError.new(def.span, def.ctor.name))
      }
      match self.signatures.get(func.name) {
        Some(existing) => {
          self.signatures[func.name] = existing.append(func)
        },
        None => self.signatures[func.name] = [func],
      }
      func
    },
    Err(e) => {
      self.error(e)
      &ast.FunctionDef.mock(func.signature.name, [], [], ty.nil())
    },
  }
}

pub fn try_eval_function(self: Ref<ast.Registry>, func: cst.FunctionDecl) -> Result<Ref<ast.FunctionDef>, dx.ResolveError> {
  let span = func.span
  let name = func.signature.name
  let type_params = func.signature.type_parameters.map(|param| {
    ty.TypeParameter.new(param.span, param.name)
  })

  let ctx = TypeContext.new(self, type_params)
  let params = slice.map_result(func.signature.parameters, ctx.eval_param)?
  let return_type = ctx.eval_type(func.signature.return_type)?

  let body = ast.Block.empty()
  Ok(
    &ast.FunctionDef.new(span, -1, name, type_params, params, return_type, body),
  )
}

pub fn resolve_functions(
  self: Ref<ast.Registry>,
  functions: Slice<cst.FunctionDecl>,
) {
  for (def, func) in slice.zip(self.function_defs, functions) {
    match Resolver.new(self, def).block(func.body) {
      Ok(body) => def.body = body,
      Err(e) => self.error(e),
    }
  }
}
