import md "mode"
import "operator"
import spn "span"

// type Span = spn.Span
pub type Operator = operator.Operator

#[display]
#[json]
#[equality]
pub struct Expression {
  pub span: spn.Span,
  pub kind: Expr,
}

#[display]
#[json]
pub enum Expr {
  Nil,
  BoolLiteral(bool),
  IntLiteral(int),
  FloatLiteral(float64),
  StringLiteral(string),
  ArrayLiteral(Slice<Expression>),
  TupleLiteral(Slice<Expression>),
  RecordLiteral(Slice<RecordField>),
  Closure(Slice<Parameter>, Block),
  Identifier(Path),
  Binding(md.Mode, Ref<Expression>),
  Binop(Ref<Binop>),
  Call(Call),
  If(If),
  While(If),
  For(Ref<ForLoop>),
  Block(Block),
  Neg(Ref<Expression>),
  Not(Ref<Expression>),
  Return(Option<Ref<Expression>>),
  Break(Option<Ref<Expression>>),
  Continue,
  DotName(Ref<Expression>, string),
  DotCall(Ref<Expression>, Call),
  Type(Path, Option<Slice<Type>>),
  EnumConstructor(Option<(Path, Option<Slice<Type>>)>, string),
  Extern,
}

#[json]
#[display]
#[equality]
pub struct Path {
  pub namespace: Slice<string>,
  pub name: string,
}

impl Path {
  pub fn name_(name: string) -> Path {
    Path { name, .. }
  }

  pub fn string(self) -> string {
    if self.namespace.is_empty() {
      self.name
    } else {
      self.namespace.join("::") + "::" + self.name
    }
  }

  pub fn is_type_name(self) -> bool {
    for c in self.name.bytes() {
      match c {
        '_' => continue,
        'A' |
        'B' |
        'C' |
        'D' |
        'E' |
        'F' |
        'G' |
        'H' |
        'I' |
        'J' |
        'K' |
        'L' |
        'M' |
        'N' |
        'O' |
        'P' |
        'Q' |
        'R' |
        'S' |
        'T' |
        'U' |
        'V' |
        'W' |
        'X' |
        'Y' |
        'Z' => return true,
        _ => break,
      }
    }
    false
  }
}

pub struct RecordField {
  pub span: spn.Span,
  pub name: string,
  pub expr: Expression,
}

#[json]
#[equality]
pub struct Binop {
  pub left: Expression,
  pub op: Operator,
  pub right: Expression,
}

#[json]
#[equality]
pub struct Call {
  pub fn_name: Path,
  pub type_args: Option<Slice<Type>>,
  pub args: Slice<Expression>,
}

#[json]
#[equality]
pub struct ForLoop {
  pub binding: Expression,
  pub iter: Expression,
  pub body: Block,
}

#[json]
#[display]
#[equality]
pub struct If {
  pub checks: Slice<Check>,
  pub default: Option<Block>,
}

#[json]
#[display]
#[equality]
pub enum Check {
  Test(Expression, Block),
  Match(Expression, Slice<Arm>),
}

#[json]
#[equality]
pub struct Arm {
  pub pattern: Expression,
  pub then: Then,
}

#[json]
#[equality]
#[equality]
pub enum Then {
  Block(Block),
  If(If),
}

impl If {
  pub fn span(self) -> spn.Span {
    self.checks[0].span().merge(self.end_span())
  }

  #[allow(manual_map_or)]
  pub fn end_span(self) -> spn.Span {
    match self.default {
      Some(block) => block.last().span,
      None => self.checks[self.checks.length() - 1].end_span(),
    }
  }
}

impl Check {
  pub fn span(self) -> spn.Span {
    match self {
      Test(expr, block) => expr.span.merge(block.last().span),
      Match(expr, arms) => expr.span.merge(arms[arms.length() - 1].end_span()),
    }
  }

  #[allow(manual_map_or)]
  pub fn end_span(self) -> spn.Span {
    match self {
      Test(_, block) => block.last().span,
      Match(_, arms) => arms[arms.length() - 1].end_span(),
    }
  }
}

impl Arm {
  pub fn span(self) -> spn.Span {
    self.pattern.span.merge(self.end_span())
  }

  pub fn end_span(self) -> spn.Span {
    match self.then {
      Block(block) => block.last().span,
      If(cond) => cond.end_span(),
    }
  }
}

#[equality]
pub struct Block {
  pub statements: Slice<Expression>,
}

impl Block {
  pub fn span(self) -> spn.Span {
    spn.new(self.statements[0].span.start, self.last().span.end)
  }

  pub fn last(self) -> Expression {
    self.statements[self.statements.length() - 1]
  }

  pub fn expr_kinds(self) -> Slice<Expr> {
    self.statements.map(|s| s.kind)
  }
}

pub fn nil_lit(span: spn.Span) -> Expression {
  Expression { span, kind: Expr.Nil }
}

pub fn bool_lit(span: spn.Span, value: bool) -> Expression {
  Expression { span, kind: Expr.BoolLiteral(value) }
}

pub fn int_lit(span: spn.Span, value: int) -> Expression {
  Expression { span, kind: Expr.IntLiteral(value) }
}

pub fn float_lit(span: spn.Span, value: float64) -> Expression {
  Expression { span, kind: Expr.FloatLiteral(value) }
}

pub fn string_lit(span: spn.Span, value: string) -> Expression {
  Expression { span, kind: Expr.StringLiteral(value) }
}

pub fn array_lit(span: spn.Span, values: Slice<Expression>) -> Expression {
  Expression { span, kind: Expr.ArrayLiteral(values) }
}

pub fn tuple_lit(span: spn.Span, values: Slice<Expression>) -> Expression {
  Expression { span, kind: Expr.TupleLiteral(values) }
}

pub fn record_lit(span: spn.Span, fields: Slice<RecordField>) -> Expression {
  Expression { span, kind: Expr.RecordLiteral(fields) }
}

pub fn closure(span: spn.Span, params: Slice<Parameter>, body: Block) -> Expression {
  Expression { span, kind: Expr.Closure(params, body) }
}

pub fn identifier(span: spn.Span, path: Path) -> Expression {
  Expression { span, kind: Expr.Identifier(path) }
}

pub fn type_expr(span: spn.Span, path: Path, type_args: Option<Slice<Type>>) -> Expression {
  Expression { span, kind: Expr.Type(path, type_args) }
}

pub fn enum_constructor(
  span: spn.Span,
  typ: Option<(Path, Option<Slice<Type>>)>,
  variant: string,
) -> Expression {
  Expression { span, kind: Expr.EnumConstructor(typ, variant) }
}

pub fn implicit_self(span: spn.Span) -> Expression {
  Expression { span, kind: Expr.Identifier(Path { name: "self", .. }) }
}

pub fn binding(span: spn.Span, mode: md.Mode, expr: Ref<Expression>) -> Expression {
  Expression { span, kind: Expr.Binding(mode, expr) }
}

pub fn binop_expr(
  span: spn.Span,
  left: Expression,
  op: Operator,
  right: Expression,
) -> Expression {
  Expression { span, kind: Expr.Binop(&Binop { left, op, right }) }
}

pub fn call_expr(span: spn.Span, call: Call) -> Expression {
  Expression { span, kind: Expr.Call(call) }
}

pub fn if_expr(span: spn.Span, cond: If) -> Expression {
  Expression { span, kind: Expr.If(cond) }
}

pub fn while_(span: spn.Span, cond: If) -> Expression {
  Expression { span, kind: Expr.While(cond) }
}

pub fn for_(span: spn.Span, binding: Expression, iter: Expression, body: Block) -> Expression {
  Expression { span, kind: Expr.For(&ForLoop { binding, iter, body }) }
}

pub fn block_expr(span: spn.Span, exprs: Slice<Expression>) -> Expression {
  Expression { span, kind: Expr.Block(Block { statements: exprs }) }
}

pub fn neg(span: spn.Span, expr: Ref<Expression>) -> Expression {
  Expression { span, kind: Expr.Neg(expr) }
}

pub fn not_(span: spn.Span, expr: Ref<Expression>) -> Expression {
  Expression { span, kind: Expr.Not(expr) }
}

pub fn dot_name(span: spn.Span, receiver: Ref<Expression>, field: string) -> Expression {
  Expression { span, kind: Expr.DotName(receiver, field) }
}

pub fn dot_call(span: spn.Span, receiver: Ref<Expression>, call: Call) -> Expression {
  Expression { span, kind: Expr.DotCall(receiver, call) }
}

// pub fn type_dot_call(
//   span: spn.Span,
//   path: Path,
//   type_args: Slice<Type>,
//   call: Call,
// ) -> Expression {
//   Expression { span, kind: Expr.TypeDotCall(path, type_args, call) }
// }

pub fn return_(mut span: spn.Span, expr: Option<Ref<Expression>>) -> Expression {
  // let span = expr.map(|e| span.merge(e.span)).unwrap_or(span)
  if let Some(e) = expr { span = span.merge(e.span) }
  Expression { span, kind: Expr.Return(expr) }
}

pub fn break_(mut span: spn.Span, expr: Option<Ref<Expression>>) -> Expression {
  if let Some(e) = expr { span = span.merge(e.span) }
  Expression { span, kind: Expr.Break(expr) }
}

pub fn continue_(span: spn.Span) -> Expression {
  Expression { span, kind: Expr.Continue }
}

pub fn extern(span: spn.Span) -> Expression {
  Expression { span, kind: Expr.Extern }
}

impl Expression {
  pub fn string(self) -> string {
    f"{self.span}: {self.kind}"
  }
}

impl Expr {
  // pub fn string(self) -> string {
  //   match self {
  //     Expr.Nil => "nil",
  //     Expr.BoolLiteral(b) => f"{b}",
  //     Expr.IntLiteral(i) => f"{i}",
  //     Expr.FloatLiteral(f) => f"{f}",
  //     Expr.StringLiteral(s) => f"\"{s}\"",
  //     Expr.ArrayLiteral(elems) => f"[{elems.length()} elems]",
  //     Expr.TupleLiteral(elems) => f"({elems.length()} elems)",
  //     Expr.Identifier(name) => name,
  //     Expr.Binding(mode, _) => f"Binding({mode})",
  //     Expr.Binop(b) => f"Binop({b.left.kind.string()} {b.op} {b.right.kind.string()})",
  //     Expr.Call(c) => f"Call({c.fn_name}[{c.args.length()}])",
  //     Expr.If(_) => "If(...)",
  //     Expr.While(_) => "While(...)",
  //     Expr.For(f) => f"For({f.binding.kind.string()} in {f.iter.kind.string()})",
  //     Expr.Block(stmts) => f"Block({stmts.length()})",
  //     Expr.Neg(e) => f"Neg({e.kind.string()})",
  //     Expr.Not(e) => f"Not({e.kind.string()})",
  //     Expr.Return(Some(e)) => f"Return({e.kind.string()})",
  //     Expr.Return(None) => "Return",
  //     Expr.Break(None) => "Break",
  //     Expr.Break(Some(e)) => f"Break({e.kind.string()})",
  //     Expr.Continue => "Continue",
  //     // Expr.Type(name, _) => f"Type({name})",
  //     Expr.DotName(r, field) => f"DotName({r.kind.string()}.{field})",
  //     Expr.DotCall(r, c) => f"DotCall({r.kind.string()}.{c.fn_name})",
  //     Expr.TypeDotCall(t, c) => f"TypeDotCall({t}, {c.fn_name})",
  //     Expr.Extern => "<external implementation>",
  //   }
  // }

  pub fn is_extern(self) -> bool {
    if let Expr.Extern = self { true } else { false }
  }
}
